
> sweet-shop-backend@1.0.0 test
> jest

node.exe : PASS src/t
ests/sweets.test.ts
At C:\Program Files\n
odejs\npm.ps1:29 
char:3
+   & $NODE_EXE 
$NPM_CLI_JS $args
+   ~~~~~~~~~~~~~~~~~
~~~~~~~~~~~~
    + CategoryInfo   
           : NotSpe  
  cified: (PASS sr   
 c/tests/sweets.t    
est.ts:String) [    
], RemoteExcepti    
on
    + FullyQualified 
   ErrorId : Native  
  CommandError
 
  POST /api/sweets
    ΓêÜ should allow 
admin to add a sweet 
(112 ms)
    ΓêÜ should deny 
non-admin users (12 
ms)
    ΓêÜ should deny 
unauthenticated 
requests (12 ms)

FAIL src/tests/invent
ory.test.ts
  POST /api/sweets/:i
d/purchase
    ├ù should allow 
user to purchase 
sweet and decrease 
stock (132 ms)
    ├ù should fail 
if not enough stock 
(61 ms)
  POST /api/sweets/:i
d/restock
    ΓêÜ should allow 
admin to restock 
(136 ms)
    ΓêÜ should deny 
non-admin restock 
(36 ms)

  ΓùÅ POST /api/sweet
s/:id/purchase ΓÇ║ 
should allow user to 
purchase sweet and 
decrease stock

    expect(received).
toEqual(expected) // 
deep equality

    Expected: 200
    Received: 404

    [0m [90m 63 
|[39m             [
33m.[39m[36mset[39
m([32m'Authorization
'[39m[33m,[39m 
[32m`Bearer 
${userToken}`[39m)
     [90m 64 |[39m 
            
[33m.[39msend({ 
quantity[33m:[39m 
[35m2[39m 
})[33m;[39m
    [31m[1m>[22m[
39m[90m 65 |[39m   
      expect(res[33m
.[39mstatusCode)[33
m.[39mtoEqual([35m2
00[39m)[33m;[39m
     [90m    |[39m 
                     
          
[31m[1m^[22m[39m
     [90m 66 |[39m
     [90m 67 |[39m 
        
[36mconst[39m 
check [33m=[39m 
[36mawait[39m prism
a[33m.[39msweet[33
m.[39mfindUnique({ 
where[33m:[39m { 
id[33m:[39m 
sweetId } 
})[33m;[39m
     [90m 68 |[39m 
        expect(check
[33m?[39m[33m.[39m
quantity)[33m.[39mt
oEqual([35m8[39m)[
33m;[39m [90m// 10 
- 2[39m[0m

      at src/tests/in
ventory.test.ts:65:32
      at fulfilled (s
rc/tests/inventory.te
st.ts:5:58)

  ΓùÅ POST /api/sweet
s/:id/purchase ΓÇ║ 
should fail if not 
enough stock

    expect(received).
toEqual(expected) // 
deep equality

    Expected: 400
    Received: 404

    [0m [90m 74 
|[39m             [
33m.[39m[36mset[39
m([32m'Authorization
'[39m[33m,[39m 
[32m`Bearer 
${userToken}`[39m)
     [90m 75 |[39m 
            
[33m.[39msend({ 
quantity[33m:[39m 
[35m20[39m 
})[33m;[39m
    [31m[1m>[22m[
39m[90m 76 |[39m   
      expect(res[33m
.[39mstatusCode)[33
m.[39mtoEqual([35m4
00[39m)[33m;[39m
     [90m    |[39m 
                     
          
[31m[1m^[22m[39m
     [90m 77 |[39m 
        expect(res[3
3m.[39mbody)[33m.[
39mtoHaveProperty([3
2m'error'[39m[33m,
[39m 
[32m'Insufficient st
ock'[39m)[33m;[39m
     [90m 78 |[39m 
    })[33m;[39m
     [90m 79 |[39m 
})[33m;[39m[0m

      at src/tests/in
ventory.test.ts:76:32
      at fulfilled (s
rc/tests/inventory.te
st.ts:5:58)

PASS src/tests/auth.t
est.ts
  POST 
/api/auth/register
    ΓêÜ should 
register a new user 
successfully (249 ms)
    ΓêÜ should fail 
if email already 
exists (175 ms)
  POST 
/api/auth/login
    ΓêÜ should login 
a user successfully 
(381 ms)
    ΓêÜ should fail 
with invalid 
credentials (9 ms)

FAIL src/tests/sweets
_search_update.test.t
s (5.025 s)
  GET 
/api/sweets/search
    ├ù should search 
sweets by name (102 
ms)
  PUT /api/sweets/:id
    ΓêÜ should 
update sweet if 
admin (77 ms)
    ΓêÜ should deny 
update if not admin 
(31 ms)
  DELETE 
/api/sweets/:id
    ├ù should delete 
sweet if admin (296 
ms)

  ΓùÅ GET 
/api/sweets/search 
ΓÇ║ should search 
sweets by name

    expect(received).
toBeGreaterThan(expec
ted)

    Expected: > 0
    Received:   0

    [0m [90m 63 
|[39m             [
33m.[39m[36mset[39
m([32m'Authorization
'[39m[33m,[39m 
[32m`Bearer ${userTo
ken}`[39m)[33m;[39
m
     [90m 64 |[39m 
        expect(res[3
3m.[39mstatusCode)[
33m.[39mtoEqual([35
m200[39m)[33m;[39m
    [31m[1m>[22m[
39m[90m 65 |[39m   
      expect(res[33m
.[39mbody[33m.[39m
length)[33m.[39mtoB
eGreaterThan([35m0[
39m)[33m;[39m
     [90m    |[39m 
                     
           
[31m[1m^[22m[39m
     [90m 66 |[39m 
        expect(res[3
3m.[39mbody[[35m0[
39m][33m.[39mname)
[33m.[39mtoContain(
[32m'Search'[39m)[3
3m;[39m
     [90m 67 |[39m 
    })[33m;[39m
     [90m 68 |[39m 
})[33m;[39m[0m

      at src/tests/sw
eets_search_update.te
st.ts:65:33
      at fulfilled (s
rc/tests/sweets_searc
h_update.test.ts:5:58
)

  ΓùÅ DELETE 
/api/sweets/:id ΓÇ║ 
should delete sweet 
if admin

    expect(received).
toEqual(expected) // 
deep equality

    Expected: 200
    Received: 500

    [0m [90m 92 
|[39m             [
33m.[39m[36mdelete
[39m([32m`/api/sweet
s/${sweetId}`[39m)
     [90m 93 |[39m 
            [33m.[3
9m[36mset[39m([32m
'Authorization'[39m
[33m,[39m 
[32m`Bearer ${adminT
oken}`[39m)[33m;[3
9m
    [31m[1m>[22m[
39m[90m 94 |[39m   
      expect(res[33m
.[39mstatusCode)[33
m.[39mtoEqual([35m2
00[39m)[33m;[39m
     [90m    |[39m 
                     
          
[31m[1m^[22m[39m
     [90m 95 |[39m
     [90m 96 |[39m 
        
[36mconst[39m 
check [33m=[39m 
[36mawait[39m prism
a[33m.[39msweet[33
m.[39mfindUnique({ 
where[33m:[39m { 
id[33m:[39m 
sweetId } 
})[33m;[39m
     [90m 97 |[39m 
        expect(check)
[33m.[39mtoBeNull()
[33m;[39m[0m

      at src/tests/sw
eets_search_update.te
st.ts:94:32
      at fulfilled (s
rc/tests/sweets_searc
h_update.test.ts:5:58
)

Test Suites: 2 
failed, 2 passed, 4 
total
Tests:       4 
failed, 11 passed, 
15 total
Snapshots:   0 total
Time:        6.255 
s, estimated 7 s
Ran all test suites.
Force exiting Jest: 
Have you considered 
using `--detectOpenHa
ndles` to detect 
async operations 
that kept running 
after all tests 
finished?
